Docker errors

PS C:\temp> docker pull microsoft/windowsservercore:1709
1709: Pulling from microsoft/windowsservercore

5847a47b8593: Pull complete
a5b83e25f92a: Extracting [==================================================>] 858.3 MB/858.3 MB
failed to register layer: re-exec error: exit status 1: output: invalid hard link in layer
PS C:\temp> docker tag microsoft/windowsservercore:1709 microsoft/windowsservercore:latest
Error response from daemon: no such id: microsoft/windowsservercore:1709

PS C:\temp> docker pull microsoft/windowsservercore:latest
latest: Pulling from microsoft/windowsservercore

3889bb8d808b: Extracting [==================================================>]  4.07 GB/4.07 GB
6e046b8e194c: Download complete
failed to register layer: re-exec error: exit status 1: output: BackupWrite \\?\C:\ProgramData\docker\windowsfilter\2ef0
fc79d6aa5af73f8454e8ed2e90de6c0bdcec25ddcf9296b4a37c06cf0ee9\UtilityVM\Files\Windows\WinSxS\ManifestCache\6a44e17753079b
14_blobs.bin: There is not enough space on the disk.

Docker service isnt running


PS C:\Users\Administrator> docker pull microsoft/nanoserver
Using default tag: latest
Warning: failed to get default registry endpoint from daemon (error during connect: Get http://%2F%2F.%2Fpipe%2Fdocker_e
ngine/v1.25/info: open //./pipe/docker_engine: The system cannot find the file specified.). Using system default: https:
//index.docker.io/v1/
error during connect: Post http://%2F%2F.%2Fpipe%2Fdocker_engine/v1.25/images/create?fromImage=microsoft%2Fnanoserver&ta
g=latest: open //./pipe/docker_engine: The system cannot find the file specified.
PS C:\Users\Administrator> docker version
Client:
 Version:      1.12.2-cs2-ws-beta
 API version:  1.25
 Go version:   go1.7.1
 Git commit:   050b611
 Built:        Tue Oct 11 02:35:40 2016
 OS/Arch:      windows/amd64
error during connect: Get http://%2F%2F.%2Fpipe%2Fdocker_engine/v1.25/version: open //./pipe/docker_engine: The system c
annot find the file specified.
PS C:\Users\Administrator>

